// Jest Snapshot v1, https://goo.gl/fbAQLP

exports[`MessageList.vue has the expected html structure 1`] = `
<ul>
  <li
    class="message"
    data-test="test-message"
    style="margin-top: 10px;"
  >
    <span>
      
    Cat
  
    </span>
  </li>
</ul>
`;
